---
source: crates/tui/tests/snapshot_popups_tests.rs
expression: harness.render()
---
┌──────────────────────────────────────┐
│Splunk TUI - Jobs | [?] Unknown       │
│ | ┌Help──────────────────────────┐   │
└───│Global Keys:                  ↑───┘
┌Sea│  ?               Help        █───┐
│ No│  Ctrl+P          Command     ║sh.│
│   │palette                       ║   │
│   │  q               Quit        ║   │
│   │  Ctrl+Q          Quit        ║   │
│   │(global)                      ║   │
│   │  Tab             Next screen ║   │
│   │  Shift+Tab       Previous    ║   │
│   │screen                        ║   │
│   │  Ctrl+Tab        Next focus  ║   │
│   │  Ctrl+Shift+Tab  Previous    ║   │
│   │focus                         ║   │
└───│  Ctrl+c          Copy to     ↓───┘
┌───└──────────────────────────────┘───┐
│Esc:Close | r:Refresh| ?:Help | q:Quit│
└──────────────────────────────────────┘
