---
source: crates/tui/tests/snapshot_tests.rs
expression: harness.render()
---
┌──────────────────────────────────────────────────────────────────────────────┐
│Splunk TUI - Search | [?] Unknown                                             │
│ |                                                                            │
└──────────────────────────────────────────────────────────────────────────────┘
┌Search Query──────────────────────────────────────────────────────────────────┐
│test query                                                                    │
└──────────────────────────────────────────────────────────────────────────────┘
┌Status────────────────────────────────────────────────────────────────────────┐
│Press Enter to execute search                                                 │
└──────────────────────────────────────────────────────────────────────────────┘
┌Results (51-59 / 100 total)───────────────────────────────────────────────────┐
│{                                                                             │
│  "id": 50,                                                                   │
│  "message": "Message 50"                                                     │
│}                                                                             │
│{                                                                             │
│  "id": 51,                                                                   │
│  "message": "Message 51"                                                     │
│}                                                                             │
│{                                                                             │
└──────────────────────────────────────────────────────────────────────────────┘
┌──────────────────────────────────────────────────────────────────────────────┐
│ Tab:Next Screen | Shift+Tab:Previous Screen | Enter:Run ...| ?:Help | q:Quit │
└──────────────────────────────────────────────────────────────────────────────┘
