---
source: crates/tui/tests/snapshot_footer_tests.rs
assertion_line: 14
expression: harness.render()
---
┌──────────────────────────────────────────────────────────────────────────────┐
│Splunk TUI - Search [FOCUS] | [?] Unknown                                     │
│ |                                                                            │
└──────────────────────────────────────────────────────────────────────────────┘
┌Search Query──────────────────────────────────────────────────────────────────┐
│index=main                                                                    │
└──────────────────────────────────────────────────────────────────────────────┘
┌Status────────────────────────────────────────────────────────────────────────┐
│Press Enter to execute search                                                 │
└──────────────────────────────────────────────────────────────────────────────┘
┌Results───────────────────────────────────────────────────────────────────────┐
│               No results. Enter a search query and press Enter.              │
│                                                                              │
│                                                                              │
│                                                                              │
│                                                                              │
│                                                                              │
│                                                                              │
│                                                                              │
│                                                                              │
└──────────────────────────────────────────────────────────────────────────────┘
┌──────────────────────────────────────────────────────────────────────────────┐
│[FOCUS]  Tab:Next | Shift+Tab:Prev | Enter:Run Ctrl+e:Export ...| ?:Help | q:Q│
└──────────────────────────────────────────────────────────────────────────────┘
