---
source: crates/tui/tests/snapshot_popups_tests.rs
expression: harness.render()
---
┌──────────────────────────────────────────────────────────────────────────────┐
│Splunk TUI - Search [NAV] | [?] Unknown                                       │
│ |                                                                            │
└──────────────────────────────────────────────────────────────────────────────┘
┌Search Query──────────────────────────────────────────────────────────────────┐
│                                                                              │
└───────────────┌Authentication Error──────────────────────────┐───────────────┘
┌Status─────────│Invalid credentials detected. The username,   │───────────────┐
│Press Enter to │password, or API token is incorrect.          │               │
└───────────────│                                              │───────────────┘
┌Results────────│Next Steps:                                   │───────────────┐
│               │• Check your username and password            │.              │
│               │• Verify your API token is valid              │               │
│               │• Ensure your account has not been locked     │               │
│               │                                              │─────────────┐ │
│               │───                                           │0/5] 0%      │ │
│               │                                              │file         │ │
│               └──────────────────────────────────────────────┘ction        │ │
│                                                 │ ○ Run Search             │ │
│                                                 └──────────────────────────┘ │
└──────────────────────────────────────────────────────────────────────────────┘
┌──────────────────────────────────────────────────────────────────────────────┐
│[NAV] Esc:Close| Enter:Run Ctrl+e:Export PgDn:PgDn PgUp:PgUp| ?:Help | q:Quit │
└──────────────────────────────────────────────────────────────────────────────┘
