---
source: crates/tui/tests/snapshot_tests.rs
expression: harness.render()
---
┌──────────────────────────────────────────────────────────────────────────────┐
│Splunk TUI - Apps | [?] Unknown                                               │
│ |                                                                            │
└──────────────────────────────────────────────────────────────────────────────┘
┌Apps──────────────────────────────────────────────────────────────────────────┐
│                     No apps loaded. Press 'r' to refresh.                    │
│                                                                              │
│                                                                              │
│                                                                              │
│                                                                              │
│                                                                              │
│                                                                              │
│                                                                              │
│                                                                              │
│                                                                              │
│                                                                              │
│                                                                              │
│                                                                              │
│                                                                              │
│                                                                              │
└──────────────────────────────────────────────────────────────────────────────┘
┌──────────────────────────────────────────────────────────────────────────────┐
│ Tab:Next Screen | Shift+Tab:Previous Screen | r:Refresh ...| ?:Help | q:Quit │
└──────────────────────────────────────────────────────────────────────────────┘
