---
source: crates/tui/tests/snapshot_styled_tests.rs
assertion_line: 55
expression: harness.render_styled()
---
00: [fg=cyan,bg=reset,ul=reset,add=none,sub=none]┌──────────────────────────────────────────────────────────────────────────────────────────────────────────────────────┐
01: [fg=cyan,bg=reset,ul=reset,add=none,sub=none]│[fg=cyan,bg=reset,ul=reset,add=bold,sub=none]Splunk·TUI[fg=reset,bg=reset,ul=reset,add=none,sub=none]·-·[fg=yellow,bg=reset,ul=reset,add=none,sub=none]Search[fg=reset,bg=reset,ul=reset,add=none,sub=none]·|·[fg=yellow,bg=reset,ul=reset,add=none,sub=none][?][fg=reset,bg=reset,ul=reset,add=none,sub=none]·[fg=yellow,bg=reset,ul=reset,add=none,sub=none]Unknown[fg=reset,bg=reset,ul=reset,add=none,sub=none]·····················································································[fg=cyan,bg=reset,ul=reset,add=none,sub=none]│
02: [fg=cyan,bg=reset,ul=reset,add=none,sub=none]│[fg=reset,bg=reset,ul=reset,add=none,sub=none]·|····················································································································[fg=cyan,bg=reset,ul=reset,add=none,sub=none]│
03: [fg=cyan,bg=reset,ul=reset,add=none,sub=none]└────────────┌Help·-·Search───────────────────────────────────────────────────────────────────────────────┐────────────┘
04: [fg=cyan,bg=reset,ul=reset,add=none,sub=none]┌Search·Query│Search·Screen:··············································································↑────────────┐
05: [fg=cyan,bg=reset,ul=reset,add=none,sub=none]│[fg=reset,bg=reset,ul=reset,add=none,sub=none]············[fg=cyan,bg=reset,ul=reset,add=none,sub=none]│··Enter·····Run·search······································································█[fg=reset,bg=reset,ul=reset,add=none,sub=none]············[fg=cyan,bg=reset,ul=reset,add=none,sub=none]│
06: [fg=cyan,bg=reset,ul=reset,add=none,sub=none]└────────────│··Ctrl+e····Export·results··································································║────────────┘
07: [fg=cyan,bg=reset,ul=reset,add=none,sub=none]┌[fg=yellow,bg=reset,ul=reset,add=bold,sub=none]Status[fg=cyan,bg=reset,ul=reset,add=none,sub=none]──────│··PgDn······Page·down·······································································║────────────┐
08: [fg=cyan,bg=reset,ul=reset,add=none,sub=none]│[fg=reset,bg=reset,ul=reset,add=none,sub=none]Press·Enter·[fg=cyan,bg=reset,ul=reset,add=none,sub=none]│··PgUp······Page·up·········································································║[fg=reset,bg=reset,ul=reset,add=none,sub=none]············[fg=cyan,bg=reset,ul=reset,add=none,sub=none]│
09: [fg=cyan,bg=reset,ul=reset,add=none,sub=none]└────────────│··Ctrl+j/k··Scroll·results·(while·typing)···················································║────────────┘
10: [fg=cyan,bg=reset,ul=reset,add=none,sub=none]┌[fg=yellow,bg=reset,ul=reset,add=bold,sub=none]Results[fg=cyan,bg=reset,ul=reset,add=none,sub=none]─────│··Home······Go·to·top·······································································║────────────┐
11: [fg=cyan,bg=reset,ul=reset,add=none,sub=none]│[fg=reset,bg=reset,ul=reset,add=none,sub=none]············[fg=cyan,bg=reset,ul=reset,add=none,sub=none]│··End·······Go·to·bottom····································································║[fg=reset,bg=reset,ul=reset,add=none,sub=none]············[fg=cyan,bg=reset,ul=reset,add=none,sub=none]│
12: [fg=cyan,bg=reset,ul=reset,add=none,sub=none]│[fg=reset,bg=reset,ul=reset,add=none,sub=none]············[fg=cyan,bg=reset,ul=reset,add=none,sub=none]│··Ctrl+c····Copy·query·(or·current·result)··················································║[fg=reset,bg=reset,ul=reset,add=none,sub=none]············[fg=cyan,bg=reset,ul=reset,add=none,sub=none]│
13: [fg=cyan,bg=reset,ul=reset,add=none,sub=none]│[fg=reset,bg=reset,ul=reset,add=none,sub=none]············[fg=cyan,bg=reset,ul=reset,add=none,sub=none]│··Ctrl+r····Toggle·real-time·mode···························································║[fg=reset,bg=reset,ul=reset,add=none,sub=none]············[fg=cyan,bg=reset,ul=reset,add=none,sub=none]│
14: [fg=cyan,bg=reset,ul=reset,add=none,sub=none]│[fg=reset,bg=reset,ul=reset,add=none,sub=none]············[fg=cyan,bg=reset,ul=reset,add=none,sub=none]│··Up/Down···Navigate·history·(query)························································║[fg=reset,bg=reset,ul=reset,add=none,sub=none]············[fg=cyan,bg=reset,ul=reset,add=none,sub=none]│
15: [fg=cyan,bg=reset,ul=reset,add=none,sub=none]│[fg=reset,bg=reset,ul=reset,add=none,sub=none]············[fg=cyan,bg=reset,ul=reset,add=none,sub=none]│··j,k,...···Type·search·query·······························································║[fg=reset,bg=reset,ul=reset,add=none,sub=none]············[fg=cyan,bg=reset,ul=reset,add=none,sub=none]│
16: [fg=cyan,bg=reset,ul=reset,add=none,sub=none]│[fg=reset,bg=reset,ul=reset,add=none,sub=none]············[fg=cyan,bg=reset,ul=reset,add=none,sub=none]│····························································································║[fg=reset,bg=reset,ul=reset,add=none,sub=none]············[fg=cyan,bg=reset,ul=reset,add=none,sub=none]│
17: [fg=cyan,bg=reset,ul=reset,add=none,sub=none]│[fg=reset,bg=reset,ul=reset,add=none,sub=none]············[fg=cyan,bg=reset,ul=reset,add=none,sub=none]│Global·Keys:················································································║[fg=reset,bg=reset,ul=reset,add=none,sub=none]············[fg=cyan,bg=reset,ul=reset,add=none,sub=none]│
18: [fg=cyan,bg=reset,ul=reset,add=none,sub=none]│[fg=reset,bg=reset,ul=reset,add=none,sub=none]············[fg=cyan,bg=reset,ul=reset,add=none,sub=none]│··?···············Help······································································║[fg=reset,bg=reset,ul=reset,add=none,sub=none]············[fg=cyan,bg=reset,ul=reset,add=none,sub=none]│
19: [fg=cyan,bg=reset,ul=reset,add=none,sub=none]│[fg=reset,bg=reset,ul=reset,add=none,sub=none]············[fg=cyan,bg=reset,ul=reset,add=none,sub=none]│··Ctrl+P··········Command·palette···························································↓[fg=reset,bg=reset,ul=reset,add=none,sub=none]············[fg=cyan,bg=reset,ul=reset,add=none,sub=none]│
20: [fg=cyan,bg=reset,ul=reset,add=none,sub=none]└────────────└────────────────────────────────────────────────────────────────────────────────────────────┘────────────┘
21: [fg=cyan,bg=reset,ul=reset,add=none,sub=none]┌──────────────────────────────────────────────────────────────────────────────────────────────────────────────────────┐
22: [fg=cyan,bg=reset,ul=reset,add=none,sub=none]│[fg=white,bg=reset,ul=reset,add=none,sub=none]Esc:Close·[fg=reset,bg=reset,ul=reset,add=none,sub=none]|[fg=yellow,bg=reset,ul=reset,add=none,sub=none]·Enter:Run·Ctrl+e:Export·PgDn:PgDn·PgUp:PgUp[fg=reset,bg=reset,ul=reset,add=none,sub=none]|[fg=green,bg=reset,ul=reset,add=none,sub=none]·?:Help·[fg=reset,bg=reset,ul=reset,add=none,sub=none]|[fg=red,bg=reset,ul=reset,add=none,sub=none]·q:Quit·[fg=reset,bg=reset,ul=reset,add=none,sub=none]·············································[fg=cyan,bg=reset,ul=reset,add=none,sub=none]│
23: [fg=cyan,bg=reset,ul=reset,add=none,sub=none]└──────────────────────────────────────────────────────────────────────────────────────────────────────────────────────┘
