---
source: crates/tui/tests/snapshot_search_tests.rs
assertion_line: 124
expression: harness.render()
---
┌──────────────────────────────────────────────────────────────────────────────┐
│Splunk TUI - Search [FOCUS] | [?] Unknown                                     │
│ |                                                                            │
└──────────────────────────────────────────────────────────────────────────────┘
┌Search Query──────────────────────────────────────────────────────────────────┐
│test query                                                                    │
└──────────────────────────────────────────────────────────────────────────────┘
┌Status────────────────────────────────────────────────────────────────────────┐
│Press Enter to execute search                                                 │
└──────────────────────────────────────────────────────────────────────────────┘
┌Results (1-9 / 100 total)─────────────────────────────────────────────────────┐
│{                                                                             │
│  "id": 0,                                                                    │
│  "message": "Message 0"                                                      │
│}                                                                             │
│{                                                                             │
│  "id": 1,                                                                    │
│  "message": "Message 1"                                                      │
│}                                                                             │
│{                                                                             │
└──────────────────────────────────────────────────────────────────────────────┘
┌──────────────────────────────────────────────────────────────────────────────┐
│[FOCUS]  Tab:Next | Shift+Tab:Prev | Enter:Run Ctrl+e:Export ...| ?:Help | q:Q│
└──────────────────────────────────────────────────────────────────────────────┘
