---
source: crates/tui/tests/snapshot_footer_tests.rs
expression: harness.render()
---
┌──────────────────────────────────────────────────────────────────────────────────────────────────┐
│Splunk TUI - Search [NAV] | [?] Unknown                                                           │
│ |                                                                                                │
└──────────────────────────────────────────────────────────────────────────────────────────────────┘
┌Search Query──────────────────────────────────────────────────────────────────────────────────────┐
│                                                                                                  │
└──────────────────────────────────────────────────────────────────────────────────────────────────┘
┌Status────────────────────────────────────────────────────────────────────────────────────────────┐
│Press Enter to execute search                                                                     │
└──────────────────────────────────────────────────────────────────────────────────────────────────┘
┌Results────────────┌Error Details─────────────────────────────────────────────┐───────────────────┐
│                   │                Press Esc, q, or e to close               │                   │
│                   │                                                          │                   │
│                   │                                                          │                   │
│                   │                                                          │                   │
│         ┌Error Details─────────────────────────────────────────────────────────────────┐         │
│         │Summary: Test error                                                           │         │
│         │                                                                              │         │
│         │                                                                              │         │
│         │                                                                              │         │
│         │                                                                              │         │
│         │                                                                              │         │
│         │                                                                              │         │
│         │                                                                              │         │
│         │                                                                              │         │
│         │                                                                              │         │
│         │                                                                              │         │
│         │                                                                              │         │
│         │                                                                              │         │
│         │                                                                              │         │
│         │                                                                              │───────┐ │
│         │                                                                              │%      │ │
│         │                                                                              │       │ │
│         │                                                                              │       │ │
│         │                                                                              │       │ │
│         │                                                                              │───────┘ │
└─────────│                                                                              │─────────┘
┌─────────│                                                                              │─────────┐
│[NAV] Esc│                                                                              │         │
└─────────└──────────────────────────────────────────────────────────────────────────────┘─────────┘
