---
source: crates/tui/tests/snapshot_error_details_tests.rs
expression: harness.render()
---
┌──────────────────────────────────────────────────────────────────────────────────────────────────────────────────────┐
│Splunk TUI - Search | [?] Unknown                                                                                     │
│ |                                                                                                                    │
└──────────────────────────────────────────────────────────────────────────────────────────────────────────────────────┘
┌Search Query──────────────────────────────────────────────────────────────────────────────────────────────────────────┐
│                                                                                                                      │
└──────────────────────────────────────────────────────────────────────────────────────────────────────────────────────┘
┌Status────────────────────────────────────────────────────────────────────────────────────────────────────────────────┐
│Press Enter to execute search                                                                                         │
└──────────────────────────────────────────────────────────────────────────────────────────────────────────────────────┘
┌Results───────────────────────────────────────────────────────────────────────────────────────────────────────────────┐
│                                   No results. Enter a search query and press Enter.                                  │
│                                                                                                                      │
│                       ┌Error Details─────────────────────────────────────────────────────────┐                       │
│                       │                      Press Esc, q, or e to close                     │                       │
│                       │                                                                      │                       │
│                       │                                                                      │                       │
│                       │                                                                      │                       │
│                       │                                                                      │                       │
│           ┌Error Details─────────────────────────────────────────────────────────────────┐   │                       │
│           │Summary: API error                                                            │   │                       │
│           │                                                                              │   │                       │
│           │Status Code: 500                                                              │   │                       │
│           │                                                                              │   │                       │
│           │Raw Response:                                                                 │   │                       │
│           │{                                                                             │   │                       │
│           │  "messages": [                                                               │   │                       │
│           │    {                                                                         │   │                       │
│           │      "text": "Internal server error",                                        │   │                       │
│           │      "type": "ERROR"                                                         │   │                       │
│           │    }                                                                         │   │                       │
│           │  ]                                                                           │   │                       │
│           │}                                                                             │   │                       │
│           │                                                                              │   │                       │
│           │                                                                              │   │                       │
│           │                                                                              │   │                       │
│           │                                                                              │   │                       │
│           │                                                                              │───┘                       │
│           │                                                                              │                           │
│           │                                                                              │                           │
│           │                                                                              │─────────────────────────┐ │
│           │                                                                              │Onboarding [0/5] 0%      │ │
│           │                                                                              │○ Create Profile         │ │
│           └──────────────────────────────────────────────────────────────────────────────┘○ Test Connection        │ │
│                                                                                         │ ○ Run Search             │ │
│                                                                                         └──────────────────────────┘ │
└──────────────────────────────────────────────────────────────────────────────────────────────────────────────────────┘
┌──────────────────────────────────────────────────────────────────────────────────────────────────────────────────────┐
│Esc:Close| Enter:Run Ctrl+e:Export PgDn:PgDn PgUp:PgUp| ?:Help | q:Quit                                               │
└──────────────────────────────────────────────────────────────────────────────────────────────────────────────────────┘
