---
source: crates/tui/tests/snapshot_search_tests.rs
expression: harness.render()
---
┌──────────────────────────────────────────────────────────────────────────────┐
│Splunk TUI - Search [FOCUS] | [?] Unknown                                     │
│ |                                                                            │
└──────────────────────────────────────────────────────────────────────────────┘
┌Search Query──────────────────────────────────────────────────────────────────┐
│                                                                              │
└──────────────────────────────────────────────────────────────────────────────┘
┌Status────────────────────────────────────────────────────────────────────────┐
│Press Enter to execute search                                                 │
└──────────────────────────────────────────────────────────────────────────────┘
┌Results───────────────────────────────────────────────────────────────────────┐
│               No results. Enter a search query and press Enter.              │
│                                                                              │
│                                                                              │
│                                                 ┌──────────────────────────┐ │
│                                                 │ Onboarding [0/5] 0%      │ │
│                                                 │ ○ Create Profile         │ │
│                                                 │ ○ Test Connection        │ │
│                                                 │ ○ Run Search             │ │
│                                                 └──────────────────────────┘ │
└──────────────────────────────────────────────────────────────────────────────┘
┌──────────────────────────────────────────────────────────────────────────────┐
│[FOCUS]  Tab:Next | Shift+Tab:Prev | Enter:Run Ctrl+e:Export ...| ?:Help | q:Q│
└──────────────────────────────────────────────────────────────────────────────┘
