---
source: crates/tui/tests/snapshot_tests.rs
expression: harness.render()
---
┌──────────────────────────────────────────────────────────────────────────────┐
│Splunk TUI - Jobs | [?] Unknown                                               │
└──────────────────────────────────────────────────────────────────────────────┘
┌Search Jobs───────────────────────────────────────────────────────────────────┐
│                     No jobs loaded. Press 'r' to refresh.                    │
│                                                                              │
│               ┌Help──────────────────────────────────────────┐               │
│               │                                              │               │
│               │                 Global Keys:                 │               │
│               │             0-9   Navigate screens           │               │
│               │                   ?     Help                 │               │
│               │                   q     Quit                 │               │
│               │                                              │               │
│               │                Search Screen:                │               │
│               │              Enter     Run search            │               │
│               │          Up/Down   History navigation        │               │
│               │           Ctrl+j/k  Navigate results         │               │
│               └──────────────────────────────────────────────┘               │
│                                                                              │
│                                                                              │
└──────────────────────────────────────────────────────────────────────────────┘
┌──────────────────────────────────────────────────────────────────────────────┐
│ 1:Search 2:Indexes 3:Cluster 4:Jobs 5:Health 6:Saved 7:Logs 8:Apps 9:Users 0:│
└──────────────────────────────────────────────────────────────────────────────┘
