---
source: crates/tui/tests/snapshot_search_tests.rs
expression: harness.render()
---
┌──────────────────────────────────────────────────────────────────────────────┐
│Splunk TUI - Search [FOCUS] | [?] Unknown                                     │
│ |                                                                            │
└──────────────────────────────────────────────────────────────────────────────┘
┌Search Query──────────────────────────────────────────────────────────────────┐
│index=main | stats count                                                      │
└──────────────────────────────────────────────────────────────────────────────┘
┌Status────────────────────────────────────────────────────────────────────────┐
│███████████████████████████Running search... (45%)                            │
└──────────────────────────────────────────────────────────────────────────────┘
┌Results───────────────────────────────────────────────────────────────────────┐
│               No results. Enter a search query and press Enter.              │
│                                                                              │
│                                                                              │
│                                                                              │
│                                                                              │
│                                                                              │
│                                                                              │
│                                                                              │
│                                                                              │
└──────────────────────────────────────────────────────────────────────────────┘
┌──────────────────────────────────────────────────────────────────────────────┐
│[FOCUS]  ⠋ Loading... 45% | Tab:Toggle | Shift+Tab:Prev | Enter:Run ...| ?:Hel│
└──────────────────────────────────────────────────────────────────────────────┘
