---
source: crates/tui/tests/snapshot_search_tests.rs
expression: harness.render()
---
┌──────────────────────────────────────────────────────────────────────────────┐
│Splunk TUI - Search [FOCUS] | [?] Unknown                                     │
│ |                                                                            │
└──────────────────────────────────────────────────────────────────────────────┘
┌Search Query──────────────────────────────────────────────────────────────────┐
│test query                                                                    │
└──────────────────────────────────────────────────────────────────────────────┘
┌Status────────────────────────────────────────────────────────────────────────┐
│Press Enter to execute search                                                 │
└──────────────────────────────────────────────────────────────────────────────┘
┌Results (1-9 / 100 total)─────────────────────────────────────────────────────┐
│{                                                                             │
│  "id": 0,                                                                    │
│  "message": "Message 0"                                                      │
│}                                                ┌──────────────────────────┐ │
│{                                                │ Onboarding [0/5] 0%      │ │
│  "id": 1,                                       │ ○ Create Profile         │ │
│  "message": "Message 1"                         │ ○ Test Connection        │ │
│}                                                │ ○ Run Search             │ │
│{                                                └──────────────────────────┘ │
└──────────────────────────────────────────────────────────────────────────────┘
┌──────────────────────────────────────────────────────────────────────────────┐
│[FOCUS]  Tab:Next | Shift+Tab:Prev | Ctrl+Tab:Focus | Ctrl+Shift+Tab:Focus | E│
└──────────────────────────────────────────────────────────────────────────────┘
