---
source: crates/tui/tests/snapshot_screens_tests.rs
expression: harness.render()
---
┌──────────────────────────────────────────────────────────────────────────────┐
│Splunk TUI - Cluster | [?] Unknown                                            │
│ |                                                                            │
└──────────────────────────────────────────────────────────────────────────────┘
┌Cluster Information───────────────────────────────────────────────────────────┐
│                           ⠋ Loading cluster info...                          │
│                                                                              │
│                                                                              │
│                                                                              │
│                                                                              │
│                                                                              │
│                                                                              │
│                                                                              │
│                                                                              │
│                                                                              │
│                                                                              │
│                                                                              │
│                                                                              │
│                                                                              │
│                                                                              │
└──────────────────────────────────────────────────────────────────────────────┘
┌──────────────────────────────────────────────────────────────────────────────┐
│ ⠋ Loading... 0% | Tab:Next | Shift+Tab:Prev | r:Refresh ...| ?:Help | q:Quit │
└──────────────────────────────────────────────────────────────────────────────┘
