---
source: crates/tui/tests/snapshot_screens_tests.rs
expression: harness.render()
---
┌──────────────────────────────────────────────────────────────────────────────┐
│Splunk TUI - Job Details | [?] Unknown                                        │
│ |                                                                            │
└──────────────────────────────────────────────────────────────────────────────┘
┌Job Details───────────────────────────────────────────────────────────────────┐
│                    Job: scheduler_admin_search_1234567890                    │
└───────────────┌Help──────────────────────────────────────────┐───────────────┘
┌───────────────│Global Keys:                                  ↑───────────────┐
│Status: Done   │  ?               Help                        █               │
│Duration: 5.23 │  Ctrl+P          Command palette             ║               │
│Event Count: 50│  q               Quit                        ║               │
│Scan Count: 150│  Ctrl+Q          Quit (global)               ║               │
│Result Count: 1│  Tab             Next screen                 ║               │
│Disk Usage: 204│  Shift+Tab       Previous screen             ║               │
│Priority: 5    │  Ctrl+Tab        Next focus                  ║─────────────┐ │
│Label: Schedule│  Ctrl+Shift+Tab  Previous focus              ║0/5] 0%      │ │
│Cursor Time: 20│  Ctrl+c          Copy to clipboard           ↓file         │ │
│Finalized: No  └──────────────────────────────────────────────┘ction        │ │
│                                                 │ ○ Run Search             │ │
│                                                 └──────────────────────────┘ │
└──────────────────────────────────────────────────────────────────────────────┘
┌──────────────────────────────────────────────────────────────────────────────┐
│ Shift+Tab:Prev  | Esc:Close| Esc:Back Ctrl+c:Copy SID| ?:Help | q:Quit       │
└──────────────────────────────────────────────────────────────────────────────┘
