---
source: crates/tui/tests/snapshot_popups_tests.rs
expression: harness.render()
---
┌──────────────────────────────────────────────────────────────────────────────┐
│Splunk TUI - Search | [?] Unknown                                             │
│ |                                                                            │
└──────────────────────────────────────────────────────────────────────────────┘
┌Search Query──────────────────────────────────────────────────────────────────┐
│           ┌Connection Diagnostics────────────────────────────────┐           │
└───────────│✓ Reachability (45ms)                                 │───────────┘
┌Status─────│✓ Authentication                                      │───────────┐
│Press Enter│✓ TLS Certificate                                     │           │
└───────────│                                                      │───────────┘
┌Results────│Server: splunk-server (v9.0.0, a1b2c3d)               │───────────┐
│           │Mode: standalone                                      │           │
│           │                                                      │           │
│           │Status: ✓ PASS                                        │           │
│           │                                                      │           │
│           │Press Enter to close                                  │           │
│           │                                                      │           │
│           │                                                      │           │
│           └──────────────────────────────────────────────────────┘           │
│                                                                              │
└──────────────────────────────────────────────────────────────────────────────┘
┌──────────────────────────────────────────────────────────────────────────────┐
│Esc:Close | Enter:Run Ctrl+e:Export PgDn:PgDn PgUp:PgUp| ?:Help | q:Quit      │
└──────────────────────────────────────────────────────────────────────────────┘
