---
source: crates/tui/tests/snapshot_tests.rs
expression: harness.render()
---
┌──────────────────────────────────────────────────────────────────────────────────────────────────────────────────────┐
│Splunk TUI - Indexes | [?] Unknown                                                                                    │
│ |                 ┌Index Details─────────────────────────────────────────────────────────────────┐                   │
└───────────────────│                               No index selected                              │───────────────────┘
┌Indexes────────────│                                                                              │───────────────────┐
│                   │                            Press Esc or q to close                           │                   │
│                   │                                                                              │                   │
│                   │                                                                              │                   │
│                   │                                                                              │                   │
│                   │                                                                              │                   │
│                   │                                                                              │                   │
│                   │                                                                              │                   │
│                   │                                                                              │                   │
│                   │                                                                              │                   │
│                   │                                                                              │                   │
│                   │                                                                              │                   │
│                   │                                                                              │                   │
│                   │                                                                              │                   │
│                   │                                                                              │                   │
│                   │                                                                              │                   │
│                   │                                                                              │                   │
│                   │                                                                              │                   │
│                   │                                                                              │                   │
│                   │                                                                              │                   │
│                   │                                                                              │                   │
│                   │                                                                              │                   │
└───────────────────└──────────────────────────────────────────────────────────────────────────────┘───────────────────┘
┌──────────────────────────────────────────────────────────────────────────────────────────────────────────────────────┐
│ Tab:Next Screen | Shift+Tab:Previous Screen | q:Quit                                                                 │
└──────────────────────────────────────────────────────────────────────────────────────────────────────────────────────┘
