---
source: crates/tui/tests/snapshot_tests.rs
expression: harness.render()
---
┌──────────────────────────────────────────────────────────────────────────────┐
│Splunk TUI - Job Details | [?] Unknown                                        │
└──────────────────────────────────────────────────────────────────────────────┘
┌Job Details───────────────────────────────────────────────────────────────────┐
│                    Job: scheduler_admin_search_1234567890                    │
└──────────────────────────────────────────────────────────────────────────────┘
┌──────────────────────────────────────────────────────────────────────────────┐
│Status: Done                                                                  │
│Duration: 5.23 seconds                                                        │
│Event Count: 500                                                              │
│Scan Count: 150┌Help──────────────────────────────────────────┐               │
│Result Count: 1│                                              │               │
│Disk Usage: 204│                 Global Keys:                 │               │
│Priority: 5    └──────────────────────────────────────────────┘               │
│Label: Scheduled search                                                       │
│Cursor Time: 2024-01-15T10:30:00.000Z                                         │
│Finalized: No                                                                 │
│                                                                              │
│                                                                              │
│                                                                              │
└──────────────────────────────────────────────────────────────────────────────┘
┌──────────────────────────────────────────────────────────────────────────────┐
│ 1:Search 2:Indexes 3:Cluster 4:Jobs 5:Health 6:Saved 7:Logs 8:Apps 9:Users | │
└──────────────────────────────────────────────────────────────────────────────┘
