---
source: crates/tui/tests/snapshot_search_tests.rs
expression: harness.render()
---
┌──────────────────────────────────────────────────────────────────────────────┐
│Splunk TUI - Search [FOCUS] | [?] Unknown                                     │
│ |                                                                            │
└──────────────────────────────────────────────────────────────────────────────┘
┌Search Query──────────────────────────────────────────────────────────────────┐
│test query                                                                    │
└──────────────────────────────────────────────────────────────────────────────┘
┌Status────────────────────────────────────────────────────────────────────────┐
│Press Enter to execute search                                                 │
└──────────────────────────────────────────────────────────────────────────────┘
┌Results (91-99 / 100 total)───────────────────────────────────────────────────┐
│{                                                                             │
│  "id": 90,                                                                   │
│  "message": "Message 90"                                                     │
│}                                                ┌──────────────────────────┐ │
│{                                                │ Onboarding [0/5] 0%      │ │
│  "id": 91,                                      │ ○ Create Profile         │ │
│  "message": "Message 91"                        │ ○ Test Connection        │ │
│}                                                │ ○ Run Search             │ │
│{                                                └──────────────────────────┘ │
└──────────────────────────────────────────────────────────────────────────────┘
┌──────────────────────────────────────────────────────────────────────────────┐
│[FOCUS]  Tab:Next | Shift+Tab:Prev | Enter:Run Ctrl+e:Export ...| ?:Help | q:Q│
└──────────────────────────────────────────────────────────────────────────────┘
