---
source: crates/tui/tests/snapshot_tests.rs
expression: harness.render()
---
┌──────────────────────────────────────────────────────────┐
│Splunk TUI - Jobs | [?] Unknown                           │
└──────────────────────────────────────────────────────────┘
┌Search Jobs───────────────────────────────────────────────┐
│Sel  SID  Status          Duration   Results    Events    │
│[ ]  sche Done            5.23s      100        500       │
│[ ]  admi Running (65%)   12.45s     450        2000      │
│                                                          │
│                                                          │
│                                                          │
│                                                          │
│                                                          │
│                                                          │
│                                                          │
│                                                          │
│                                                          │
└──────────────────────────────────────────────────────────┘
┌──────────────────────────────────────────────────────────┐
│ 1:Search 2:Indexes 3:Cluster 4:Jobs 5:Health 6:Saved 7:Lo│
└──────────────────────────────────────────────────────────┘
