---
source: crates/tui/tests/snapshot_tests.rs
expression: harness.render()
---
┌──────────────────────────────────────────────────────────────────────────────┐
│Splunk TUI - Jobs | [?] Unknown                                               │
└──────────────────────────────────────────────────────────────────────────────┘
┌Search Jobs───────────────────────────────────────────────────────────────────┐
│                     No jobs loaded. Press 'r' to refresh.                    │
│                                                                              │
│               ┌Help──────────────────────────────────────────┐               │
│               │                 Global Keys:                 │               │
│               │                  ?       Help                │               │
│               │                  q       Quit                │               │
│               │              1       Search screen           │               │
│               │             2       Indexes screen           │               │
│               │             3       Cluster screen           │               │
│               │               4       Jobs screen            │               │
│               │              5       Health screen           │               │
│               │          6       Saved searches screen       │               │
│               │          7       Internal logs screen        │               │
│               └──────────────────────────────────────────────┘               │
│                                                                              │
│                                                                              │
└──────────────────────────────────────────────────────────────────────────────┘
┌──────────────────────────────────────────────────────────────────────────────┐
│ 1:Search 2:Indexes 3:Cluster 4:Jobs 5:Health 6:Saved 7:Logs 8:Apps 9:Users 0:│
└──────────────────────────────────────────────────────────────────────────────┘
