---
source: crates/tui/tests/snapshot_popups_tests.rs
expression: harness.render()
---
┌──────────────────────────────────────────────────────────────────────────────┐
│Splunk TUI - Jobs | [?] Unknown                                               │
│ |                                                                            │
└──────────────────────────────────────────────────────────────────────────────┘
┌Search Jobs───────────────────────────────────────────────────────────────────┐
│                     No jobs loaded. Press 'r' to refresh.                    │
│               ┌Help──────────────────────────────────────────┐               │
│               │Global Keys:                                  ↑               │
│               │  ?               Help                        █               │
│               │  Ctrl+P          Command palette             ║               │
│               │  q               Quit                        ║               │
│               │  Ctrl+Q          Quit (global)               ║               │
│               │  Tab             Next screen                 ║               │
│               │  Shift+Tab       Previous screen             ║               │
│               │  Ctrl+Tab        Next focus                  ║─────────────┐ │
│               │  Ctrl+Shift+Tab  Previous focus              ║0/5] 0%      │ │
│               │  Ctrl+c          Copy to clipboard           ↓file         │ │
│               └──────────────────────────────────────────────┘ction        │ │
│                                                 │ ○ Run Search             │ │
│                                                 └──────────────────────────┘ │
└──────────────────────────────────────────────────────────────────────────────┘
┌──────────────────────────────────────────────────────────────────────────────┐
│Esc:Close| r:Refresh /:Filter s:Sort a:Auto| ?:Help | q:Quit                  │
└──────────────────────────────────────────────────────────────────────────────┘
