---
source: crates/tui/tests/snapshot_tests.rs
expression: harness.render()
---
┌──────────────────────────────────────────────────────────────────────────────┐
│Splunk TUI - Job Details | [?] Unknown                                        │
└──────────────────────────────────────────────────────────────────────────────┘
┌Job Details───────────────────────────────────────────────────────────────────┐
│                    Job: scheduler_admin_search_1234567890                    │
└──────────────────────────────────────────────────────────────────────────────┘
┌───────────────┌Help──────────────────────────────────────────┐───────────────┐
│Status: Done   │                                              │               │
│Duration: 5.23 │                 Global Keys:                 │               │
│Event Count: 50│             0-9   Navigate screens           │               │
│Scan Count: 150│                   ?     Help                 │               │
│Result Count: 1│                   q     Quit                 │               │
│Disk Usage: 204│                                              │               │
│Priority: 5    │                Search Screen:                │               │
│Label: Schedule│              Enter     Run search            │               │
│Cursor Time: 20│            e         Export results          │               │
│Finalized: No  │       Up/Down   Navigate history (query)     │               │
│               └──────────────────────────────────────────────┘               │
│                                                                              │
│                                                                              │
└──────────────────────────────────────────────────────────────────────────────┘
┌──────────────────────────────────────────────────────────────────────────────┐
│ 1:Search 2:Indexes 3:Cluster 4:Jobs 5:Health 6:Saved 7:Logs 8:Apps 9:Users 0:│
└──────────────────────────────────────────────────────────────────────────────┘
