---
source: crates/tui/tests/snapshot_screens_tests.rs
expression: harness.render()
---
┌──────────────────────────────────────────────────────────────────────────────┐
│Splunk TUI - Job Details | [?] Unknown                                        │
│ |                                                                            │
└──────────────────────────────────────────────────────────────────────────────┘
┌Job Details───────────────────────────────────────────────────────────────────┐
│                      No job selected or jobs not loaded.                     │
│                                                                              │
│                                                                              │
│                                                                              │
│                                                                              │
│                                                                              │
│                                                                              │
│                                                                              │
│                                                                              │
│                                                 ┌──────────────────────────┐ │
│                                                 │ Onboarding [0/5] 0%      │ │
│                                                 │ ○ Create Profile         │ │
│                                                 │ ○ Test Connection        │ │
│                                                 │ ○ Run Search             │ │
│                                                 └──────────────────────────┘ │
└──────────────────────────────────────────────────────────────────────────────┘
┌──────────────────────────────────────────────────────────────────────────────┐
│ Tab:Next | Shift+Tab:Prev  | Esc:Back| Esc:Back ...| ?:Help | q:Quit         │
└──────────────────────────────────────────────────────────────────────────────┘
