---
source: crates/tui/tests/snapshot_search_tests.rs
assertion_line: 28
expression: harness.render()
---
┌──────────────────────────────────────────────────────────────────────────────┐
│Splunk TUI - Search | [?] Unknown                                             │
│ |                                                                            │
└──────────────────────────────────────────────────────────────────────────────┘
┌Search Query──────────────────────────────────────────────────────────────────┐
│index=main | stats count                                                      │
└──────────────────────────────────────────────────────────────────────────────┘
┌Status────────────────────────────────────────────────────────────────────────┐
│███████████████████████████Running search... (45%)                            │
└──────────────────────────────────────────────────────────────────────────────┘
┌Results───────────────────────────────────────────────────────────────────────┐
│               No results. Enter a search query and press Enter.              │
│                                                                              │
│                                                                              │
│                                                                              │
│                                                                              │
│                                                                              │
│                                                                              │
│                                                                              │
│                                                                              │
└──────────────────────────────────────────────────────────────────────────────┘
┌──────────────────────────────────────────────────────────────────────────────┐
│ ⠋ Loading... 45% | Tab:Toggle Focus | Shift+Tab:Previous Screen | Enter:Run .│
└──────────────────────────────────────────────────────────────────────────────┘
