---
source: crates/tui/tests/snapshot_tests.rs
expression: harness.render()
---
┌──────────────────────────────────────────────────────────────────────────────┐
│Splunk TUI - Search | [?] Unknown                                             │
└──────────────────────────────────────────────────────────────────────────────┘
┌Search Query──────────────────────────────────────────────────────────────────┐
│test query                                                                    │
└──────────────────────────────────────────────────────────────────────────────┘
┌Status────────────────────────────────────────────────────────────────────────┐
│Press Enter to execute search                                                 │
└──────────────────────────────────────────────────────────────────────────────┘
┌Results (91-100 / 100 total)──────────────────────────────────────────────────┐
│{                                                                             │
│  "id": 90,                                                                   │
│  "message": "Message 90"                                                     │
│}                                                                             │
│{                                                                             │
│  "id": 91,                                                                   │
│  "message": "Message 91"                                                     │
│}                                                                             │
│{                                                                             │
│  "id": 92,                                                                   │
└──────────────────────────────────────────────────────────────────────────────┘
┌──────────────────────────────────────────────────────────────────────────────┐
│ 1:Search 2:Indexes 3:Cluster 4:Jobs 5:Health 6:Saved 7:Logs 8:Apps 9:Users 0:│
└──────────────────────────────────────────────────────────────────────────────┘
