---
source: crates/tui/tests/snapshot_tests.rs
expression: harness.render()
---
┌──────────────────────────────────────────────────────────────────────────────┐
│Splunk TUI - Jobs | [?] Unknown                                               │
└──────────────────────────────────────────────────────────────────────────────┘
┌Search Jobs───────────────────────────────────────────────────────────────────┐
│                     No jobs loaded. Press 'r' to refresh.                    │
│                                                                              │
│                                                                              │
│                                                                              │
│                                                                              │
│                                                                              │
│                                                                              │
│                                                                              │
│                                                                              │
│                                                                              │
│                                                                              │
│                                                                              │
│                                                                              │
│                 ┌──────────────────────────────────────────────────────────┐ │
│                 │ ERR Connection failed: timeout                           │ │
│                 └──────────────────────────────────────────────────────────┘ │
└──────────────────────────────────────────────────────────────────────────────┘
┌──────────────────────────────────────────────────────────────────────────────┐
│ 1:Search 2:Indexes 3:Cluster 4:Jobs 5:Health | q:Quit                        │
└──────────────────────────────────────────────────────────────────────────────┘
