---
source: crates/tui/tests/snapshot_jobs_tests.rs
expression: harness.render()
---
┌──────────────────────────────────────────────────────────────────────────────┐
│Splunk TUI - Jobs | [?] Unknown                                               │
│ |                                                                            │
└──────────────────────────────────────────────────────────────────────────────┘
┌Search Jobs───────────────────────────────────────────────────────────────────┐
│                     No jobs loaded. Press 'r' to refresh.                    │
│                                                                              │
│                                                                              │
│                                                                              │
│                                                                              │
│                                                                              │
│                                                                              │
│                                                                              │
│                                                                              │
│                                                                              │
│                                                                              │
│                                                                              │
│                                                                              │
│                                                                              │
│                                                                              │
└──────────────────────────────────────────────────────────────────────────────┘
┌──────────────────────────────────────────────────────────────────────────────┐
│ Tab:Next | Shift+Tab:Prev | r:Refresh /:Filter s:Sort a:Auto| ?:Help | q:Quit│
└──────────────────────────────────────────────────────────────────────────────┘
