---
source: crates/tui/tests/snapshot_styled_tests.rs
assertion_line: 28
expression: harness.render_styled()
---
00: [fg=cyan,bg=reset,ul=reset,add=none,sub=none]┌──────────────────────────────────────────────────────────────────────────────────────────────────────────────────────┐
01: [fg=cyan,bg=reset,ul=reset,add=none,sub=none]│[fg=cyan,bg=reset,ul=reset,add=bold,sub=none]Splunk·TUI[fg=reset,bg=reset,ul=reset,add=none,sub=none]·-·[fg=yellow,bg=reset,ul=reset,add=none,sub=none]Search[fg=yellow,bg=reset,ul=reset,add=bold,sub=none]·[FOCUS][fg=reset,bg=reset,ul=reset,add=none,sub=none]·|·[fg=yellow,bg=reset,ul=reset,add=none,sub=none][?][fg=reset,bg=reset,ul=reset,add=none,sub=none]·[fg=yellow,bg=reset,ul=reset,add=none,sub=none]Unknown[fg=reset,bg=reset,ul=reset,add=none,sub=none]·············································································[fg=cyan,bg=reset,ul=reset,add=none,sub=none]│
02: [fg=cyan,bg=reset,ul=reset,add=none,sub=none]│[fg=reset,bg=reset,ul=reset,add=none,sub=none]·|····················································································································[fg=cyan,bg=reset,ul=reset,add=none,sub=none]│
03: [fg=cyan,bg=reset,ul=reset,add=none,sub=none]└──────────────────────────────────────────────────────────────────────────────────────────────────────────────────────┘
04: [fg=cyan,bg=reset,ul=reset,add=none,sub=none]┌Search·Query──────────────────────────────────────────────────────────────────────────────────────────────────────────┐
05: [fg=cyan,bg=reset,ul=reset,add=none,sub=none]│[fg=reset,bg=reset,ul=reset,add=none,sub=none]index=main·|·head·5···································································································[fg=cyan,bg=reset,ul=reset,add=none,sub=none]│
06: [fg=cyan,bg=reset,ul=reset,add=none,sub=none]└──────────────────────────────────────────────────────────────────────────────────────────────────────────────────────┘
07: [fg=cyan,bg=reset,ul=reset,add=none,sub=none]┌[fg=yellow,bg=reset,ul=reset,add=bold,sub=none]Status[fg=cyan,bg=reset,ul=reset,add=none,sub=none]────────────────────────────────────────────────────────────────────────────────────────────────────────────────┐
08: [fg=cyan,bg=reset,ul=reset,add=none,sub=none]│[fg=reset,bg=reset,ul=reset,add=none,sub=none]Ready·················································································································[fg=cyan,bg=reset,ul=reset,add=none,sub=none]│
09: [fg=cyan,bg=reset,ul=reset,add=none,sub=none]└──────────────────────────────────────────────────────────────────────────────────────────────────────────────────────┘
10: [fg=cyan,bg=reset,ul=reset,add=none,sub=none]┌[fg=yellow,bg=reset,ul=reset,add=bold,sub=none]Results[fg=cyan,bg=reset,ul=reset,add=none,sub=none]───────────────────────────────────────────────────────────────────────────────────────────────────────────────┐
11: [fg=cyan,bg=reset,ul=reset,add=none,sub=none]│[fg=reset,bg=reset,ul=reset,add=none,sub=none]···································No·results.·Enter·a·search·query·and·press·Enter.··································[fg=cyan,bg=reset,ul=reset,add=none,sub=none]│
12: [fg=cyan,bg=reset,ul=reset,add=none,sub=none]│[fg=reset,bg=reset,ul=reset,add=none,sub=none]······················································································································[fg=cyan,bg=reset,ul=reset,add=none,sub=none]│
13: [fg=cyan,bg=reset,ul=reset,add=none,sub=none]│[fg=reset,bg=reset,ul=reset,add=none,sub=none]······················································································································[fg=cyan,bg=reset,ul=reset,add=none,sub=none]│
14: [fg=cyan,bg=reset,ul=reset,add=none,sub=none]│[fg=reset,bg=reset,ul=reset,add=none,sub=none]·························································································[fg=cyan,bg=reset,ul=reset,add=none,sub=none]┌──────────────────────────┐[fg=reset,bg=reset,ul=reset,add=none,sub=none]·[fg=cyan,bg=reset,ul=reset,add=none,sub=none]│
15: [fg=cyan,bg=reset,ul=reset,add=none,sub=none]│[fg=reset,bg=reset,ul=reset,add=none,sub=none]·························································································[fg=cyan,bg=reset,ul=reset,add=none,sub=none]│[fg=yellow,bg=reset,ul=reset,add=bold,sub=none]·Onboarding·[fg=white,bg=reset,ul=reset,add=none,sub=none][0/5][fg=gray,bg=reset,ul=reset,add=none,sub=none]·0%[fg=reset,bg=reset,ul=reset,add=none,sub=none]······[fg=cyan,bg=reset,ul=reset,add=none,sub=none]│[fg=reset,bg=reset,ul=reset,add=none,sub=none]·[fg=cyan,bg=reset,ul=reset,add=none,sub=none]│
16: [fg=cyan,bg=reset,ul=reset,add=none,sub=none]│[fg=reset,bg=reset,ul=reset,add=none,sub=none]·························································································[fg=cyan,bg=reset,ul=reset,add=none,sub=none]│[fg=gray,bg=reset,ul=reset,add=none,sub=none]·○·[fg=white,bg=reset,ul=reset,add=none,sub=none]Create·Profile[fg=reset,bg=reset,ul=reset,add=none,sub=none]·········[fg=cyan,bg=reset,ul=reset,add=none,sub=none]│[fg=reset,bg=reset,ul=reset,add=none,sub=none]·[fg=cyan,bg=reset,ul=reset,add=none,sub=none]│
17: [fg=cyan,bg=reset,ul=reset,add=none,sub=none]│[fg=reset,bg=reset,ul=reset,add=none,sub=none]·························································································[fg=cyan,bg=reset,ul=reset,add=none,sub=none]│[fg=gray,bg=reset,ul=reset,add=none,sub=none]·○·[fg=white,bg=reset,ul=reset,add=none,sub=none]Test·Connection[fg=reset,bg=reset,ul=reset,add=none,sub=none]········[fg=cyan,bg=reset,ul=reset,add=none,sub=none]│[fg=reset,bg=reset,ul=reset,add=none,sub=none]·[fg=cyan,bg=reset,ul=reset,add=none,sub=none]│
18: [fg=cyan,bg=reset,ul=reset,add=none,sub=none]│[fg=reset,bg=reset,ul=reset,add=none,sub=none]·························································································[fg=cyan,bg=reset,ul=reset,add=none,sub=none]│[fg=gray,bg=reset,ul=reset,add=none,sub=none]·○·[fg=white,bg=reset,ul=reset,add=none,sub=none]Run·Search[fg=reset,bg=reset,ul=reset,add=none,sub=none]·············[fg=cyan,bg=reset,ul=reset,add=none,sub=none]│[fg=reset,bg=reset,ul=reset,add=none,sub=none]·[fg=cyan,bg=reset,ul=reset,add=none,sub=none]│
19: [fg=cyan,bg=reset,ul=reset,add=none,sub=none]│[fg=reset,bg=reset,ul=reset,add=none,sub=none]·························································································[fg=cyan,bg=reset,ul=reset,add=none,sub=none]└──────────────────────────┘[fg=reset,bg=reset,ul=reset,add=none,sub=none]·[fg=cyan,bg=reset,ul=reset,add=none,sub=none]│
20: [fg=cyan,bg=reset,ul=reset,add=none,sub=none]└──────────────────────────────────────────────────────────────────────────────────────────────────────────────────────┘
21: [fg=cyan,bg=reset,ul=reset,add=none,sub=none]┌──────────────────────────────────────────────────────────────────────────────────────────────────────────────────────┐
22: [fg=cyan,bg=reset,ul=reset,add=none,sub=none]│[fg=yellow,bg=reset,ul=reset,add=bold,sub=none][FOCUS]·[fg=reset,bg=reset,ul=reset,add=none,sub=none]·Tab:Next·|·Shift+Tab:Prev·|·Ctrl+Tab:Focus·|·Ctrl+Shift+Tab:Focus·|[fg=yellow,bg=reset,ul=reset,add=none,sub=none]·Enter:Run·Ctrl+e:Export[fg=reset,bg=reset,ul=reset,add=none,sub=none]|[fg=green,bg=reset,ul=reset,add=none,sub=none]·?:Help·[fg=reset,bg=reset,ul=reset,add=none,sub=none]|[fg=red,bg=reset,ul=reset,add=none,sub=none]·q:Quit·[fg=cyan,bg=reset,ul=reset,add=none,sub=none]│
23: [fg=cyan,bg=reset,ul=reset,add=none,sub=none]└──────────────────────────────────────────────────────────────────────────────────────────────────────────────────────┘
