---
source: crates/tui/tests/snapshot_popups_tests.rs
assertion_line: 14
expression: harness.render()
---
┌──────────────────────────────────────────────────────────────────────────────┐
│Splunk TUI - Jobs | [?] Unknown                                               │
│ |                                                                            │
└──────────────────────────────────────────────────────────────────────────────┘
┌Search Jobs───────────────────────────────────────────────────────────────────┐
│                     No jobs loaded. Press 'r' to refresh.                    │
│               ┌Help──────────────────────────────────────────┐               │
│               │Global Keys:                                  ↑               │
│               │  ?               Help                        █               │
│               │  q               Quit                        ║               │
│               │  Ctrl+Q          Quit (global)               ║               │
│               │  Tab             Next screen                 ║               │
│               │  Shift+Tab       Previous screen             ║               │
│               │  Ctrl+Tab        Next focus                  ║               │
│               │  Ctrl+Shift+Tab  Previous focus              ║               │
│               │  Ctrl+c          Copy to clipboard           ║               │
│               │  e               Show error details (when an ↓               │
│               └──────────────────────────────────────────────┘               │
│                                                                              │
│                                                                              │
└──────────────────────────────────────────────────────────────────────────────┘
┌──────────────────────────────────────────────────────────────────────────────┐
│ Tab:Next Screen | Shift+Tab:Previous Screen | r:Refresh ...| ?:Help | q:Quit │
└──────────────────────────────────────────────────────────────────────────────┘
