---
source: crates/tui/tests/snapshot_popups_tests.rs
assertion_line: 24
expression: harness.render()
---
┌──────────────────────────────────────┐
│Splunk TUI - Jobs | [?] Unknown       │
│ |                                    │
└──────────────────────────────────────┘
┌Search Jobs───────────────────────────┐
│ No job┌Help──────────────────┐efresh.│
│       │Global Keys:          ↑       │
│       │  ?               Help█       │
│       │  Ctrl+P              ║       │
│       │Command palette       ║       │
│       │  q               Quit║       │
│       │  Ctrl+Q          Quit║       │
│       │(global)              ║       │
│       │  Tab             Next↓       │
│       └──────────────────────┘       │
│                                      │
└──────────────────────────────────────┘
┌──────────────────────────────────────┐
│ Tab:Next Screen | Shift+Tab:Previous │
└──────────────────────────────────────┘
