---
source: crates/tui/tests/snapshot_search_tests.rs
assertion_line: 154
expression: harness.render()
---
┌──────────────────────────────────────────────────────────────────────────────┐
│Splunk TUI - Search | [?] Unknown                                             │
│ |                                                                            │
└──────────────────────────────────────────────────────────────────────────────┘
┌Search Query──────────────────────────────────────────────────────────────────┐
│test query                                                                    │
└──────────────────────────────────────────────────────────────────────────────┘
┌Status────────────────────────────────────────────────────────────────────────┐
│Press Enter to execute search                                                 │
└──────────────────────────────────────────────────────────────────────────────┘
┌Results (91-99 / 100 total)───────────────────────────────────────────────────┐
│{                                                                             │
│  "id": 90,                                                                   │
│  "message": "Message 90"                                                     │
│}                                                                             │
│{                                                                             │
│  "id": 91,                                                                   │
│  "message": "Message 91"                                                     │
│}                                                                             │
│{                                                                             │
└──────────────────────────────────────────────────────────────────────────────┘
┌──────────────────────────────────────────────────────────────────────────────┐
│ Tab:Toggle Focus | Shift+Tab:Previous Screen | Enter:Run ...| ?:Help | q:Quit│
└──────────────────────────────────────────────────────────────────────────────┘
