---
source: crates/tui/tests/snapshot_popups_tests.rs
expression: harness.render()
---
┌──────────────────────────────────────────────────────────────────────────────┐
│Splunk TUI - Search | [?] Unknown                                             │
│ |                                                                            │
└──────────────────────────────────────────────────────────────────────────────┘
┌Search Query──────────────────────────────────────────────────────────────────┐
│                                                                              │
└───────────────┌Authentication Error──────────────────────────┐───────────────┘
┌Status─────────│Your session has expired due to inactivity.   │───────────────┐
│Press Enter to │                                              │               │
└───────────────│Next Steps:                                   │───────────────┘
┌Results────────│• Re-authenticate with your credentials       │───────────────┐
│               │• Consider using an API token for persistent  │.              │
│               │sessions                                      │               │
│               │                                              │               │
│               │───                                           │               │
│               │                                              │               │
│               │Keybindings:                                  │               │
│               └──────────────────────────────────────────────┘               │
│                                                                              │
│                                                                              │
└──────────────────────────────────────────────────────────────────────────────┘
┌──────────────────────────────────────────────────────────────────────────────┐
│Esc:Close | Enter:Run Ctrl+e:Export PgDn:PgDn PgUp:PgUp| ?:Help | q:Quit      │
└──────────────────────────────────────────────────────────────────────────────┘
