---
source: crates/tui/tests/snapshot_screens_tests.rs
expression: harness.render()
---
┌──────────────────────────────────────────────────────────────────────────────┐
│Splunk TUI - Users | [?] Unknown                                              │
│ |                                                                            │
└──────────────────────────────────────────────────────────────────────────────┘
┌Users─────────────────────────────────────────────────────────────────────────┐
│                    No users loaded. Press 'r' to refresh.                    │
│                                                                              │
│                                                                              │
│                                                                              │
│                                                                              │
│                                                                              │
│                                                                              │
│                                                                              │
│                                                                              │
│                                                 ┌──────────────────────────┐ │
│                                                 │ Onboarding [0/5] 0%      │ │
│                                                 │ ○ Create Profile         │ │
│                                                 │ ○ Test Connection        │ │
│                                                 │ ○ Run Search             │ │
│                                                 └──────────────────────────┘ │
└──────────────────────────────────────────────────────────────────────────────┘
┌──────────────────────────────────────────────────────────────────────────────┐
│ Tab:Next | Shift+Tab:Prev | r:Refresh j/k or Up/Down:Navigate ...| ?:Help | q│
└──────────────────────────────────────────────────────────────────────────────┘
