---
source: crates/tui/tests/snapshot_tests.rs
expression: harness.render()
---
┌──────────────────────────────────────────────────────────────────────────────┐
│Splunk TUI - Jobs | [?] Unknown                                               │
└──────────────────────────────────────────────────────────────────────────────┘
┌Search Jobs───────────────────────────────────────────────────────────────────┐
│                     No jobs loaded. Press 'r' to refresh.                    │
│                                                                              │
│               ┌Help──────────────────────────────────────────┐               │
│               │                 Global Keys:                 │               │
│               │                 ?          Help              │               │
│               │                 q          Quit              │               │
│               │             Tab        Next screen           │               │
│               │           Shift+Tab  Previous screen         │               │
│               │          Ctrl+c     Copy to clipboard        │               │
│               │                                              │               │
│               │                Search Screen:                │               │
│               │              Enter     Run search            │               │
│               │            e         Export results          │               │
│               └──────────────────────────────────────────────┘               │
│                                                                              │
│                                                                              │
└──────────────────────────────────────────────────────────────────────────────┘
┌──────────────────────────────────────────────────────────────────────────────┐
│ Tab:Next Screen | Shift+Tab:Previous Screen | q:Quit                         │
└──────────────────────────────────────────────────────────────────────────────┘
