---
source: crates/tui/tests/snapshot_footer_tests.rs
assertion_line: 228
expression: harness.render()
---
┌──────────────────────────────────────────────────────────────────────────────────────────────────┐
│Splunk TUI - Search | [?] Unknown                                                                 │
│ |                                                                                                │
└──────────────────────────────────────────────────────────────────────────────────────────────────┘
┌Search Query──────────────────────────────────────────────────────────────────────────────────────┐
│                                                                                                  │
└──────────────────────────────────────────────────────────────────────────────────────────────────┘
┌Status───┌Error Details─────────────────────────────────────────────────────────────────┐─────────┐
│Press Ent│Summary: Test error                                                           │         │
└─────────│                                                                              │─────────┘
┌Results──│                                                                              │─────────┐
│         │                                                                              │         │
│         │                                                                              │         │
│         │                                                                              │         │
│         │                                                                              │         │
│         │                                                                              │         │
│         │                                                                              │         │
│         │                                                                              │         │
│         │                                                                              │         │
│         │                                                                              │         │
│         │                                                                              │         │
│         │                                                                              │         │
│         │                                                                              │         │
│         │                                                                              │         │
│         │                                                                              │         │
│         │                                                                              │         │
│         │                                                                              │         │
│         │                                                                              │         │
│         │                                                                              │         │
│         │                                                                              │         │
│         │                                                                              │         │
│         └──────────────────────────────────────────────────────────────────────────────┘         │
│                                                                                                  │
│                                                                                                  │
│                                                                                                  │
│                                                                                                  │
└──────────────────────────────────────────────────────────────────────────────────────────────────┘
┌──────────────────────────────────────────────────────────────────────────────────────────────────┐
│Esc:Close | Enter:Run Ctrl+e:Export PgDn:PgDn PgUp:PgUp| ?:Help | q:Quit                          │
└──────────────────────────────────────────────────────────────────────────────────────────────────┘
