---
source: crates/tui/tests/snapshot_popups_tests.rs
expression: harness.render()
---
┌──────────────────────────────────────────────────────────────────────────────┐
│Splunk TUI - Indexes | [?] Unknown                                            │
│ |                                                                            │
└──────────────────────────────────────────────────────────────────────────────┘
┌Indexes───────────────────────────────────────────────────────────────────────┐
│                   No indexes loaded. Press 'r' to refresh.                   │
│               ┌Help - Indexes────────────────────────────────┐               │
│               │Indexes Screen:                               ↑               │
│               │  r               Refresh indexes             █               │
│               │  Enter           View index details          ║               │
│               │  j/k or Up/Down  Navigate list               ║               │
│               │  Ctrl+c          Copy selected index name    ║               │
│               │  Ctrl+e          Export indexes              ║               │
│               │  L               Load more indexes           ║               │
│               │  c               Create new index            ║─────────────┐ │
│               │  d               Delete selected index       ║0/5] 0%      │ │
│               │  m               Modify selected index       ↓file         │ │
│               └──────────────────────────────────────────────┘ction        │ │
│                                                 │ ○ Run Search             │ │
│                                                 └──────────────────────────┘ │
└──────────────────────────────────────────────────────────────────────────────┘
┌──────────────────────────────────────────────────────────────────────────────┐
│ Shift+Tab:Prev  | Esc:Close| r:Refresh Enter:Details ...| ?:Help | q:Quit    │
└──────────────────────────────────────────────────────────────────────────────┘
