---
source: crates/tui/tests/snapshot_tutorial_tests.rs
expression: harness.render()
---
┌──────────────────────────────────────┐
│Splunk TUI - Search | [?] Unknown     │
│ |                                    │
└─────┌Tutorial - Learn the Keybi┐─────┘
┌Searc│     Step 4: Learn the    ↑─────┐
│     │        Keybindings       █     │
└─────│                          █─────┘
┌Statu│ Splunk TUI is designed to█─────┐
│Press│  be keyboard-driven for  ║     │
└─────│ efficiency. Here are the ║─────┘
┌Resul│   essential shortcuts:   ║─────┐
│No re│                          ║and p│
│     │        Navigation:       ║     │
│     │      • Tab / Shift+Tab   ║     │
│     │  Switch between screens  ║     │
│     │        • Ctrl+Tab /      ↓     │
└─────└──────────────────────────┘─────┘
┌──────────────────────────────────────┐
│Esc:Close | Enter:Run| ?:Help | q:Quit│
└──────────────────────────────────────┘
