---
source: crates/tui/tests/snapshot_search_tests.rs
assertion_line: 107
expression: harness.render()
---
┌──────────────────────────────────────────────────────────────────────────────┐
│Splunk TUI - Search | [?] Unknown                                             │
│ |                                                                            │
└──────────────────────────────────────────────────────────────────────────────┘
┌Search Query──────────────────────────────────────────────────────────────────┐
│                                                                              │
└──────────────────────────────────────────────────────────────────────────────┘
┌Status────────────────────────────────────────────────────────────────────────┐
│Press Enter to execute search                                                 │
└──────────────────────────────────────────────────────────────────────────────┘
┌Results───────────────────────────────────────────────────────────────────────┐
│               No results. Enter a search query and press Enter.              │
│                                                                              │
│                                                                              │
│                                                                              │
│                                                                              │
│                                                                              │
│                                                                              │
│                                                                              │
│                                                                              │
└──────────────────────────────────────────────────────────────────────────────┘
┌──────────────────────────────────────────────────────────────────────────────┐
│ Tab:Toggle Focus | Shift+Tab:Previous Screen | Enter:Run ...| ?:Help | q:Quit│
└──────────────────────────────────────────────────────────────────────────────┘
