---
source: crates/tui/tests/snapshot_styled_tests.rs
expression: harness.render_styled()
---
00: [fg=cyan,bg=reset,ul=reset,add=none,sub=none]┌──────────────────────────────────────────────────────────────────────────────────────────────────────────────────────────────────────────────────────────────┐
01: [fg=cyan,bg=reset,ul=reset,add=none,sub=none]│[fg=cyan,bg=reset,ul=reset,add=bold,sub=none]Splunk·TUI[fg=reset,bg=reset,ul=reset,add=none,sub=none]·-·[fg=yellow,bg=reset,ul=reset,add=none,sub=none]Search[fg=yellow,bg=reset,ul=reset,add=bold,sub=none]·[FOCUS][fg=reset,bg=reset,ul=reset,add=none,sub=none]·|·[fg=yellow,bg=reset,ul=reset,add=none,sub=none][?][fg=reset,bg=reset,ul=reset,add=none,sub=none]·[fg=yellow,bg=reset,ul=reset,add=none,sub=none]Unknown[fg=reset,bg=reset,ul=reset,add=none,sub=none]·····················································································································[fg=cyan,bg=reset,ul=reset,add=none,sub=none]│
02: [fg=cyan,bg=reset,ul=reset,add=none,sub=none]│[fg=reset,bg=reset,ul=reset,add=none,sub=none]·|····························································································································································[fg=cyan,bg=reset,ul=reset,add=none,sub=none]│
03: [fg=cyan,bg=reset,ul=reset,add=none,sub=none]└──────────────────────────────────────────────────────────────────────────────────────────────────────────────────────────────────────────────────────────────┘
04: [fg=cyan,bg=reset,ul=reset,add=none,sub=none]┌Search·Query──────────────────────────────────────────────────────────────────────────────────────────────────────────────────────────────────────────────────┐
05: [fg=cyan,bg=reset,ul=reset,add=none,sub=none]│[fg=reset,bg=reset,ul=reset,add=none,sub=none]index=main·|·head·5···········································································································································[fg=cyan,bg=reset,ul=reset,add=none,sub=none]│
06: [fg=cyan,bg=reset,ul=reset,add=none,sub=none]└──────────────────────────────────────────────────────────────────────────────────────────────────────────────────────────────────────────────────────────────┘
07: [fg=cyan,bg=reset,ul=reset,add=none,sub=none]┌[fg=yellow,bg=reset,ul=reset,add=bold,sub=none]Status[fg=cyan,bg=reset,ul=reset,add=none,sub=none]────────────────────────────────────────────────────────────────────────────────────────────────────────────────────────────────────────────────────────┐
08: [fg=cyan,bg=reset,ul=reset,add=none,sub=none]│[fg=reset,bg=reset,ul=reset,add=none,sub=none]Ready·························································································································································[fg=cyan,bg=reset,ul=reset,add=none,sub=none]│
09: [fg=cyan,bg=reset,ul=reset,add=none,sub=none]└──────────────────────────────────────────────────────────────────────────────────────────────────────────────────────────────────────────────────────────────┘
10: [fg=cyan,bg=reset,ul=reset,add=none,sub=none]┌[fg=yellow,bg=reset,ul=reset,add=bold,sub=none]Results[fg=cyan,bg=reset,ul=reset,add=none,sub=none]───────────────────────────────────────────────────────────────────────────────────────────────────────────────────────────────────────────────────────┐
11: [fg=cyan,bg=reset,ul=reset,add=none,sub=none]│[fg=reset,bg=reset,ul=reset,add=none,sub=none]·······················································No·results.·Enter·a·search·query·and·press·Enter.······················································[fg=cyan,bg=reset,ul=reset,add=none,sub=none]│
12: [fg=cyan,bg=reset,ul=reset,add=none,sub=none]│[fg=reset,bg=reset,ul=reset,add=none,sub=none]······························································································································································[fg=cyan,bg=reset,ul=reset,add=none,sub=none]│
13: [fg=cyan,bg=reset,ul=reset,add=none,sub=none]│[fg=reset,bg=reset,ul=reset,add=none,sub=none]······························································································································································[fg=cyan,bg=reset,ul=reset,add=none,sub=none]│
14: [fg=cyan,bg=reset,ul=reset,add=none,sub=none]│[fg=reset,bg=reset,ul=reset,add=none,sub=none]······························································································································································[fg=cyan,bg=reset,ul=reset,add=none,sub=none]│
15: [fg=cyan,bg=reset,ul=reset,add=none,sub=none]│[fg=reset,bg=reset,ul=reset,add=none,sub=none]······························································································································································[fg=cyan,bg=reset,ul=reset,add=none,sub=none]│
16: [fg=cyan,bg=reset,ul=reset,add=none,sub=none]│[fg=reset,bg=reset,ul=reset,add=none,sub=none]······························································································································································[fg=cyan,bg=reset,ul=reset,add=none,sub=none]│
17: [fg=cyan,bg=reset,ul=reset,add=none,sub=none]│[fg=reset,bg=reset,ul=reset,add=none,sub=none]······························································································································································[fg=cyan,bg=reset,ul=reset,add=none,sub=none]│
18: [fg=cyan,bg=reset,ul=reset,add=none,sub=none]│[fg=reset,bg=reset,ul=reset,add=none,sub=none]······························································································································································[fg=cyan,bg=reset,ul=reset,add=none,sub=none]│
19: [fg=cyan,bg=reset,ul=reset,add=none,sub=none]│[fg=reset,bg=reset,ul=reset,add=none,sub=none]······························································································································································[fg=cyan,bg=reset,ul=reset,add=none,sub=none]│
20: [fg=cyan,bg=reset,ul=reset,add=none,sub=none]└──────────────────────────────────────────────────────────────────────────────────────────────────────────────────────────────────────────────────────────────┘
21: [fg=cyan,bg=reset,ul=reset,add=none,sub=none]┌──────────────────────────────────────────────────────────────────────────────────────────────────────────────────────────────────────────────────────────────┐
22: [fg=cyan,bg=reset,ul=reset,add=none,sub=none]│[fg=yellow,bg=reset,ul=reset,add=bold,sub=none][FOCUS]·[fg=reset,bg=reset,ul=reset,add=none,sub=none]·Tab:Next·|·Shift+Tab:Prev·|·Ctrl+Tab:Results··|·[fg=white,bg=reset,ul=reset,add=none,sub=none]Esc:Results·[fg=reset,bg=reset,ul=reset,add=none,sub=none]|[fg=yellow,bg=reset,ul=reset,add=none,sub=none]·Enter:Run·Ctrl+e:Export·PgDn:PgDn·PgUp:PgUp[fg=reset,bg=reset,ul=reset,add=none,sub=none]|[fg=red,bg=reset,ul=reset,add=none,sub=none]·Ctrl+Q:Quit·[fg=reset,bg=reset,ul=reset,add=none,sub=none]······························[fg=cyan,bg=reset,ul=reset,add=none,sub=none]│
23: [fg=cyan,bg=reset,ul=reset,add=none,sub=none]└──────────────────────────────────────────────────────────────────────────────────────────────────────────────────────────────────────────────────────────────┘
