---
source: crates/tui/tests/snapshot_tests.rs
expression: harness.render()
---
┌──────────────────────────────────────────────────────────────────────────────┐
│Splunk TUI - Jobs | [?] Unknown                                               │
└──────────────────────────────────────────────────────────────────────────────┘
┌Search Jobs───────────────────────────────────────────────────────────────────┐
│Sel  SID ↑                    Status          Duration   Results    Events    │
│[ ]  scheduler_admin_search_1 Done            5.23s      100        500       │
│[ ]  admin_sear┌Confirm Delete────────────────────────────────┐     2000      │
│               │   Delete job admin_search_9876543210? (y/n)  │               │
│               │                                              │               │
│               │                                              │               │
│               │                                              │               │
│               │                                              │               │
│               │                                              │               │
│               │                                              │               │
│               │                                              │               │
│               │                                              │               │
│               │                                              │               │
│               └──────────────────────────────────────────────┘               │
│                                                                              │
│                                                                              │
└──────────────────────────────────────────────────────────────────────────────┘
┌──────────────────────────────────────────────────────────────────────────────┐
│ Tab:Next Screen | Shift+Tab:Previous Screen | q:Quit                         │
└──────────────────────────────────────────────────────────────────────────────┘
