---
source: crates/tui/tests/snapshot_tests.rs
expression: harness.render()
---
┌──────────────────────────────────────────────────────────────────────────────┐
│Splunk TUI - Jobs | [?] Unknown                                               │
└──────────────────────────────────────────────────────────────────────────────┘
┌Search Jobs───────────────────────────────────────────────────────────────────┐
│SID ↑                         Status          Duration   Results    Events    │
│scheduler_admin_search_123456 Done            5.23s      100        500       │
│admin_search_9876543210       Running (65%)   12.45s     450        2000      │
│                                                                              │
│                                                                              │
│                                                                              │
│               ┌Confirm Cancel────────────────────────────────┐               │
│               │ Cancel job scheduler_admin_search_1234567890?│               │
│               │                     (y/n)                    │               │
│               └──────────────────────────────────────────────┘               │
│                                                                              │
│                                                                              │
│                                                                              │
│                                                                              │
│                                                                              │
│                                                                              │
└──────────────────────────────────────────────────────────────────────────────┘
┌──────────────────────────────────────────────────────────────────────────────┐
│ 1:Search 2:Indexes 3:Cluster 4:Jobs 5:Health 6:Saved | q:Quit                │
└──────────────────────────────────────────────────────────────────────────────┘
