---
source: crates/tui/tests/snapshot_tests.rs
expression: harness.render()
---
┌──────────────────────────────────────────────────────────────────────────────┐
│Splunk TUI - Indexes | [?] Unknown                                            │
│ |                                                                            │
└──────────────────────────────────────────────────────────────────────────────┘
┌Indexes───────────────────────────────────────────────────────────────────────┐
│                              Loading indexes...                              │
│                                                                              │
│                                                                              │
│                                                                              │
│                                                                              │
│                                                                              │
│                                                                              │
│                                                                              │
│                                                                              │
│                                                                              │
│                                                                              │
│                                                                              │
│                                                                              │
│                                                                              │
│                                                                              │
└──────────────────────────────────────────────────────────────────────────────┘
┌──────────────────────────────────────────────────────────────────────────────┐
│ Loading... 0% | Tab:Next Screen | Shift+Tab:Previous Screen | r:Refresh ...| │
└──────────────────────────────────────────────────────────────────────────────┘
