---
source: crates/tui/tests/snapshot_error_details_tests.rs
assertion_line: 50
expression: harness.render()
---
┌──────────────────────────────────────────────────────────────────────────────────────────────────────────────────────┐
│Splunk TUI - Search | [?] Unknown                                                                                     │
│ |                                                                                                                    │
└──────────────────────────────────────────────────────────────────────────────────────────────────────────────────────┘
┌Search Query──────────────────────────────────────────────────────────────────────────────────────────────────────────┐
│                                                                                                                      │
└──────────────────────────────────────────────────────────────────────────────────────────────────────────────────────┘
┌Status────────────────────────────────────────────────────────────────────────────────────────────────────────────────┐
│Press Enter to execute search                                                                                         │
└──────────────────────────────────────────────────────────────────────────────────────────────────────────────────────┘
┌Results───────────────────────────────────────────────────────────────────────────────────────────────────────────────┐
│                                   No results. Enter a search query and press Enter.                                  │
│                   ┌Error Details─────────────────────────────────────────────────────────────────┐                   │
│                   │Summary: Authentication failed                                                │                   │
│                   │                                                                              │                   │
│                   │Status Code: 401                                                              │                   │
│                   │                                                                              │                   │
│                   │URL: https://localhost:8089/services/search/jobs                              │                   │
│                   │                                                                              │                   │
│                   │Request ID: req-abc123                                                        │                   │
│                   │                                                                              │                   │
│                   │                                                                              │                   │
│                   │                                                                              │                   │
│                   │                                                                              │                   │
│                   │                                                                              │                   │
│                   │                                                                              │                   │
│                   │                                                                              │                   │
│                   │                                                                              │                   │
│                   │                                                                              │                   │
│                   │                                                                              │                   │
│                   │                                                                              │                   │
│                   │                                                                              │                   │
│                   │                                                                              │                   │
│                   │                                                                              │                   │
│                   │                                                                              │                   │
│                   │                                                                              │                   │
│                   └──────────────────────────────────────────────────────────────────────────────┘                   │
│                       └──────────────────────────────────────────────────────────────────────┘                       │
│                                                                                                                      │
│                                                                                                                      │
│                                                                                                                      │
│                                                                                                                      │
│                                                                                                                      │
│                                                                                                                      │
│                                                                                                                      │
│                                                                                                                      │
└──────────────────────────────────────────────────────────────────────────────────────────────────────────────────────┘
┌──────────────────────────────────────────────────────────────────────────────────────────────────────────────────────┐
│Esc:Close | Enter:Run Ctrl+e:Export PgDn:PgDn PgUp:PgUp| ?:Help | q:Quit                                              │
└──────────────────────────────────────────────────────────────────────────────────────────────────────────────────────┘
