---
source: crates/tui/tests/snapshot_tests.rs
expression: harness.render()
---
┌──────────────────────────────────────────────────────────────────────────────┐
│Splunk TUI - Jobs | [?] Unknown                                               │
│ |                                                                            │
└──────────────────────────────────────────────────────────────────────────────┘
┌Search Jobs───────────────────────────────────────────────────────────────────┐
│                     No jobs loaded. Press 'r' to refresh.                    │
│                                                                              │
│                                                                              │
│                                                                              │
│                                                                              │
│                                                                              │
│                                                                              │
│                                                                              │
│                                                                              │
│                                                                              │
│                                                                              │
│                 ┌──────────────────────────────────────────────────────────┐ │
│                 │ ERR Connection failed: timeout                           │ │
│                 │                                                          │ │
│                 └──────────────────────────────────────────────────────────┘ │
└──────────────────────────────────────────────────────────────────────────────┘
┌──────────────────────────────────────────────────────────────────────────────┐
│ Tab:Next Screen | Shift+Tab:Previous Screen | r:Refresh ...| ?:Help | q:Quit │
└──────────────────────────────────────────────────────────────────────────────┘
