---
source: crates/tui/tests/snapshot_error_details_tests.rs
assertion_line: 73
expression: harness.render()
---
┌──────────────────────────────────────────────────────────────────────────────────────────────────────────────────────┐
│Splunk TUI - Search | [?] Unknown                                                                                     │
│ |                                                                                                                    │
└──────────────────────────────────────────────────────────────────────────────────────────────────────────────────────┘
┌Search Query──────────────────────────────────────────────────────────────────────────────────────────────────────────┐
│                                                                                                                      │
└──────────────────────────────────────────────────────────────────────────────────────────────────────────────────────┘
┌Status────────────────────────────────────────────────────────────────────────────────────────────────────────────────┐
│Press Enter to execute search                                                                                         │
└──────────────────────────────────────────────────────────────────────────────────────────────────────────────────────┘
┌Results───────────────────────────────────────────────────────────────────────────────────────────────────────────────┐
│                                   No results. Enter a search query and press Enter.                                  │
│                   ┌Error Details─────────────────────────────────────────────────────────────────┐                   │
│                   │Summary: Search failed                                                        │                   │
│                   │                                                                              │                   │
│                   │Status Code: 400                                                              │                   │
│                   │                                                                              │                   │
│                   │Splunk Messages:                                                              │                   │
│                   │  [ERROR] Invalid SPL syntax near '|'                                         │                   │
│                   │  [WARN] Search may be slow due to missing index                              │                   │
│                   │                                                                              │                   │
│                   │                                                                              │                   │
│                   │                                                                              │                   │
│                   │                                                                              │                   │
│                   │                                                                              │                   │
│                   │                                                                              │                   │
│                   │                                                                              │                   │
│                   │                                                                              │                   │
│                   │                                                                              │                   │
│                   │                                                                              │                   │
│                   │                                                                              │                   │
│                   │                                                                              │                   │
│                   │                                                                              │                   │
│                   │                                                                              │                   │
│                   │                                                                              │                   │
│                   │                                                                              │                   │
│                   └──────────────────────────────────────────────────────────────────────────────┘                   │
│                       └──────────────────────────────────────────────────────────────────────┘                       │
│                                                                                                                      │
│                                                                                                                      │
│                                                                                                                      │
│                                                                                                                      │
│                                                                                                                      │
│                                                                                                                      │
│                                                                                                                      │
│                                                                                                                      │
└──────────────────────────────────────────────────────────────────────────────────────────────────────────────────────┘
┌──────────────────────────────────────────────────────────────────────────────────────────────────────────────────────┐
│Esc:Close | Enter:Run Ctrl+e:Export PgDn:PgDn PgUp:PgUp| ?:Help | q:Quit                                              │
└──────────────────────────────────────────────────────────────────────────────────────────────────────────────────────┘
