---
source: crates/tui/tests/snapshot_popups_tests.rs
expression: harness.render()
---
┌──────────────────────────────────────────────────────────────────────────────────────────────────────────────────────┐
│Splunk TUI - Indexes | [?] Unknown                                                                                    │
│ |                 ┌Index Details─────────────────────────────────────────────────────────────────┐                   │
└───────────────────│                               No index selected                              │───────────────────┘
┌Indexes────────────│                                                                              │───────────────────┐
│                   │                            Press Esc or q to close                           │                   │
│                   │                                                                              │                   │
│                   │                                                                              │                   │
│                   │                                                                              │                   │
│                   │                                                                              │                   │
│                   │                                                                              │                   │
│                   │                                                                              │                   │
│                   │                                                                              │                   │
│                   │                                                                              │                   │
│                   │                                                                              │                   │
│                   │                                                                              │                   │
│                   │                                                                              │                   │
│                   │                                                                              │                   │
│                   │                                                                              │                   │
│                   │                                                                              │                   │
│                   │                                                                              │─────────────────┐ │
│                   │                                                                              │ng [0/5] 0%      │ │
│                   │                                                                              │ Profile         │ │
│                   │                                                                              │onnection        │ │
│                   │                                                                              │arch             │ │
│                   │                                                                              │─────────────────┘ │
└───────────────────└──────────────────────────────────────────────────────────────────────────────┘───────────────────┘
┌──────────────────────────────────────────────────────────────────────────────────────────────────────────────────────┐
│ Shift+Tab:Prev  | Esc:Close| r:Refresh Enter:Details j/k or Up/Down:Navigate Ctrl+c:Copy| ?:Help | q:Quit            │
└──────────────────────────────────────────────────────────────────────────────────────────────────────────────────────┘
