---
source: crates/tui/tests/snapshot_footer_tests.rs
expression: harness.render()
---
┌──────────────────────────────────────────────────────────────────────────────┐
│Splunk TUI - Settings | [?] Unknown                                           │
│ |                                                                            │
└──────────────────────────────────────────────────────────────────────────────┘
┌──────────────────────────────────────────────────────────────────────────────┐
┌──────────────────────────────────────────────────────────────────────────────┐
│Theme:          Default                                                       │
│Auto-refresh:   [Off]                                                         │
│Sort column:    sid                                                           │
│Sort direction: asc                                                           │
│Search history: 0 items                                                       │
│Profile:        N/A                                                           │
│                                                                              │
│Search Defaults                                                               │
│  Earliest time: -24h                                                         │
│  Latest time:   now                                                          │
│  Max results:   1000                                                         │
│                                                                              │
│Internal Logs Defaults                                                        │
│  Count:         100                                                          │
└──────────────────────────────────────────────────────────────────────────────┘
┌──────────────────────────────────────────────────────────────────────────────┐
│ Tab:Next Screen | Shift+Tab:Previous Screen | t:Theme a:Auto ...| ?:Help | q:│
└──────────────────────────────────────────────────────────────────────────────┘
