---
source: crates/tui/tests/snapshot_misc_tests.rs
expression: harness.render()
---
┌──────────────────────────────────────────────────────────────────────────────┐
│Splunk TUI - Jobs | [?] Unknown                                               │
│ |                                                                            │
└──────────────────────────────────────────────────────────────────────────────┘
┌Search Jobs───────────────────────────────────────────────────────────────────┐
│                     No jobs loaded. Press 'r' to refresh.                    │
│                                                                              │
│                                                                              │
│                                                                              │
│                                                                              │
│                                                                              │
│                                                                              │
│                                                                              │
│                                                                              │
│                                                                              │
│                                                                              │
│                 ┌──────────────────────────────────────────────────────────┐ │
│                 │ ERR Connection failed: timeout                           │ │
│                 │                                                          │ │
│                 └──────────────────────────────────────────────────────────┘ │
└──────────────────────────────────────────────────────────────────────────────┘
┌──────────────────────────────────────────────────────────────────────────────┐
│ Tab:Next | Shift+Tab:Prev | r:Refresh /:Filter s:Sort a:Auto| ?:Help | q:Quit│
└──────────────────────────────────────────────────────────────────────────────┘
