---
source: crates/tui/tests/snapshot_tests.rs
expression: harness.render()
---
┌──────────────────────────────────────────────────────────────────────────────┐
│Splunk TUI - Search | [?] Unknown                                             │
└──────────────────────────────────────────────────────────────────────────────┘
┌Search Query──────────────────────────────────────────────────────────────────┐
│test query                                                                    │
└──────────────────────────────────────────────────────────────────────────────┘
┌Status────────────────────────────────────────────────────────────────────────┐
│Press Enter to execute search                                                 │
└──────────────────────────────────────────────────────────────────────────────┘
┌Results (1-10 / 100 total)────────────────────────────────────────────────────┐
│{                                                                             │
│  "id": 0,                                                                    │
│  "message": "Message 0"                                                      │
│}                                                                             │
│{                                                                             │
│  "id": 1,                                                                    │
│  "message": "Message 1"                                                      │
│}                                                                             │
│{                                                                             │
│  "id": 2,                                                                    │
└──────────────────────────────────────────────────────────────────────────────┘
┌──────────────────────────────────────────────────────────────────────────────┐
│ Tab:Next Screen | Shift+Tab:Previous Screen | q:Quit                         │
└──────────────────────────────────────────────────────────────────────────────┘
