---
source: crates/tui/tests/snapshot_tests.rs
expression: harness.render()
---
┌──────────────────────────────────────────────────────────────────────────────┐
│Splunk TUI - Indexes | [?] Unknown                                            │
│ |                                                                            │
└──────────────────────────────────────────────────────────────────────────────┘
┌Indexes───────────────────────────────────────────────────────────────────────┐
│                   No indexes loaded. Press 'r' to refresh.                   │
│                                                                              │
│                                                                              │
│                                                                              │
│                                                                              │
│                                                                              │
│                                                                              │
│                                                                              │
│                                                                              │
│                                                                              │
│                                                                              │
│                                                                              │
│                                                                              │
│                                                                              │
│                                                                              │
└──────────────────────────────────────────────────────────────────────────────┘
┌──────────────────────────────────────────────────────────────────────────────┐
│ Tab:Next Screen | Shift+Tab:Previous Screen | r:Refresh ...| ?:Help | q:Quit │
└──────────────────────────────────────────────────────────────────────────────┘
