---
source: crates/tui/tests/snapshot_tests.rs
expression: harness.render()
---
┌──────────────────────────────────────────────────────────────────────────────┐
│Splunk TUI - Indexes | [?] Unknown                                            │
└──────────────────────────────────────────────────────────────────────────────┘
┌Indexes───────────────────────────────────────────────────────────────────────┐
│                              Loading indexes...                              │
│                                                                              │
│                                                                              │
│                                                                              │
│                                                                              │
│                                                                              │
│                                                                              │
│                                                                              │
│                                                                              │
│                                                                              │
│                                                                              │
│                                                                              │
│                                                                              │
│                                                                              │
│                                                                              │
│                                                                              │
└──────────────────────────────────────────────────────────────────────────────┘
┌──────────────────────────────────────────────────────────────────────────────┐
│ Loading... 0% | 1:Search 2:Indexes 3:Cluster 4:Jobs 5:Health | q:Quit        │
└──────────────────────────────────────────────────────────────────────────────┘
